
> visor_leads@0.0.0 build
> tsc -b && vite build

src/components/LeadCard.tsx(45,11): error TS6133: 'formatCurrency' is declared but its value is never read.
src/components/LeadCard.tsx(164,56): error TS2345: Argument of type 'string' is not assignable to parameter of type 'SetStateAction<"No Gestionado" | "Por Contactar" | "En Proceso" | "Visita" | "Contactado" | "No Efectivo" | "Venta Cerrada">'.
src/pages/Dashboard.tsx(4,52): error TS6133: 'CardDescription' is declared but its value is never read.
src/pages/Dashboard.tsx(5,33): error TS6133: 'updateLeadStatus' is declared but its value is never read.
src/pages/Dashboard.tsx(5,179): error TS6133: 'resetAdminUserPassword' is declared but its value is never read.
src/pages/Dashboard.tsx(7,48): error TS6133: 'CheckSquare' is declared but its value is never read.
src/pages/Dashboard.tsx(7,61): error TS6133: 'Square' is declared but its value is never read.
src/pages/Dashboard.tsx(7,86): error TS6133: 'Calendar' is declared but its value is never read.
src/pages/Dashboard.tsx(7,96): error TS6133: 'ChevronRight' is declared but its value is never read.
src/pages/Dashboard.tsx(7,120): error TS6133: 'Clock' is declared but its value is never read.
src/pages/Dashboard.tsx(7,159): error TS6133: 'RefreshCw' is declared but its value is never read.
src/pages/Dashboard.tsx(7,183): error TS6133: 'Phone' is declared but its value is never read.
src/pages/Dashboard.tsx(7,190): error TS6133: 'Bot' is declared but its value is never read.
src/pages/Dashboard.tsx(24,12): error TS6133: 'showAudit' is declared but its value is never read.
src/pages/Dashboard.tsx(37,29): error TS6133: 'setFilterEjecutivo' is declared but its value is never read.
src/pages/Dashboard.tsx(38,24): error TS6133: 'setFilterJefe' is declared but its value is never read.
src/pages/Dashboard.tsx(44,12): error TS6133: 'reassignLeadId' is declared but its value is never read.
src/pages/Dashboard.tsx(45,12): error TS6133: 'isReassigning' is declared but its value is never read.
src/pages/Dashboard.tsx(49,25): error TS6133: 'setAllocations' is declared but its value is never read.
src/pages/Dashboard.tsx(51,12): error TS6133: 'uploadProgress' is declared but its value is never read.
src/pages/Dashboard.tsx(52,12): error TS6133: 'uploadSuccess' is declared but its value is never read.
src/pages/Dashboard.tsx(54,12): error TS6133: 'loadingCampaigns' is declared but its value is never read.
src/pages/Dashboard.tsx(56,12): error TS6133: 'loadingAdminUsers' is declared but its value is never read.
src/pages/Dashboard.tsx(60,26): error TS6133: 'setBulkUserFile' is declared but its value is never read.
src/pages/Dashboard.tsx(61,12): error TS6133: 'uploadingUsers' is declared but its value is never read.
src/pages/Dashboard.tsx(195,11): error TS6133: 'handleReassign' is declared but its value is never read.
src/pages/Dashboard.tsx(222,11): error TS6133: 'handleBulkUserUpload' is declared but its value is never read.
src/pages/Dashboard.tsx(237,11): error TS6133: 'loadAudit' is declared but its value is never read.
